// Jest Snapshot v1, https://goo.gl/fbAQLP

exports[`should match the snapshot 1`] = `
<RNCSafeAreaProvider
  onInsetsChange={[Function]}
  style={
    Array [
      Object {
        "flex": 1,
      },
      undefined,
    ]
  }
>
  <View
    accessible={true}
    collapsable={false}
    dataSet={Object {}}
    focusable={true}
    onBlur={[Function]}
    onClick={[Function]}
    onFocus={[Function]}
    onHoverIn={[Function]}
    onHoverOut={[Function]}
    onResponderGrant={[Function]}
    onResponderMove={[Function]}
    onResponderRelease={[Function]}
    onResponderTerminate={[Function]}
    onResponderTerminationRequest={[Function]}
    onStartShouldSetResponder={[Function]}
    style={Object {}}
  >
    <View
      dataSet={Object {}}
      style={
        Object {
          "flexDirection": "row",
        }
      }
    >
      <View
        dataSet={Object {}}
        style={
          Object {
            "backgroundColor": "#FFFFFF",
            "borderBottomColor": "#666666",
            "borderBottomWidth": 1,
            "paddingBottom": 8,
            "paddingLeft": 8,
            "paddingRight": 8,
            "paddingTop": 8,
            "width": 100,
          }
        }
      />
    </View>
  </View>
</RNCSafeAreaProvider>
`;
