// Jest Snapshot v1, https://goo.gl/fbAQLP

exports[`should match the snapshot 1`] = `
<RNCSafeAreaProvider
  onInsetsChange={[Function]}
  style={
    Array [
      Object {
        "flex": 1,
      },
      undefined,
    ]
  }
>
  <View
    dataSet={Object {}}
    style={
      Object {
        "alignItems": "center",
        "backgroundColor": "#C7C7C7",
        "borderBottomColor": "#666666",
        "borderBottomWidth": 1,
        "flexDirection": "row",
        "justifyContent": "space-between",
        "paddingBottom": 8,
        "paddingLeft": 8,
        "paddingRight": 8,
        "paddingTop": 8,
      }
    }
  >
    <View
      accessible={true}
      collapsable={false}
      dataSet={Object {}}
      focusable={true}
      onBlur={[Function]}
      onClick={[Function]}
      onFocus={[Function]}
      onHoverIn={[Function]}
      onHoverOut={[Function]}
      onResponderGrant={[Function]}
      onResponderMove={[Function]}
      onResponderRelease={[Function]}
      onResponderTerminate={[Function]}
      onResponderTerminationRequest={[Function]}
      onStartShouldSetResponder={[Function]}
      style={
        Object {
          "paddingBottom": 4,
          "paddingLeft": 4,
          "paddingRight": 4,
          "paddingTop": 4,
        }
      }
    >
      <RNSVGSvgView
        accessibilityRole="image"
        align="xMidYMid"
        bbHeight={12}
        bbWidth={12}
        color={4280690214}
        dataSet={Object {}}
        fill="currentColor"
        focusable={false}
        meetOrSlice={0}
        minX={10}
        minY={10}
        stroke=""
        style={
          Array [
            Object {
              "backgroundColor": "transparent",
              "borderWidth": 0,
            },
            Object {
              "color": "#262626",
              "height": 12,
              "width": 12,
            },
            Object {
              "flex": 0,
              "height": 12,
              "width": 12,
            },
          ]
        }
        tintColor={4280690214}
        vbHeight={20}
        vbWidth={20}
      >
        <RNSVGGroup
          fill={
            Array [
              2,
            ]
          }
          propList={
            Array [
              "fill",
              "stroke",
            ]
          }
          stroke={null}
        >
          <RNSVGGroup
            propList={
              Array [
                "stroke",
                "strokeWidth",
              ]
            }
            stroke={
              Array [
                2,
              ]
            }
            strokeWidth="1.5"
          >
            <RNSVGPath
              d="M9,9a3,3,0,1,1,4,2.829,1.5,1.5,0,0,0-1,1.415V14.25"
              fill={null}
              propList={
                Array [
                  "fill",
                  "strokeLinecap",
                ]
              }
              strokeLinecap={1}
            />
            <RNSVGPath
              d="M12,17.25a.375.375,0,1,0,.375.375A.375.375,0,0,0,12,17.25h0"
              fill={null}
              propList={
                Array [
                  "fill",
                  "strokeLinecap",
                ]
              }
              strokeLinecap={1}
            />
            <RNSVGCircle
              cx="12"
              cy="12"
              fill={null}
              propList={
                Array [
                  "fill",
                  "strokeMiterlimit",
                ]
              }
              r="11.25"
              strokeMiterlimit={10}
            />
          </RNSVGGroup>
        </RNSVGGroup>
      </RNSVGSvgView>
    </View>
  </View>
</RNCSafeAreaProvider>
`;
