// Jest Snapshot v1, https://goo.gl/fbAQLP

exports[`should match the snapshot 1`] = `
<RNCSafeAreaProvider
  onInsetsChange={[Function]}
  style={
    Array [
      Object {
        "flex": 1,
      },
      undefined,
    ]
  }
>
  <View
    dataSet={Object {}}
    style={
      Array [
        Object {},
        Array [
          Object {},
        ],
      ]
    }
  >
    <Text
      dataSet={Object {}}
      style={
        Object {
          "backgroundColor": undefined,
          "color": "#1f2937",
          "fontFamily": "Roboto_700Bold",
          "fontSize": 44,
          "fontStyle": "normal",
          "fontWeight": "400",
          "letterSpacing": 0,
          "lineHeight": 52,
          "textAlign": "auto",
          "textDecorationLine": undefined,
        }
      }
    >
      RecipientList
    </Text>
    <View
      dataSet={Object {}}
      style={
        Object {
          "width": 384,
        }
      }
    >
      <View
        _text={
          Object {
            "color": "lightText",
          }
        }
        accessibilityRole="button"
        accessible={true}
        collapsable={false}
        colorScheme="primary"
        dataSet={Object {}}
        focusable={true}
        onBlur={[Function]}
        onClick={[Function]}
        onFocus={[Function]}
        onHoverIn={[Function]}
        onHoverOut={[Function]}
        onResponderGrant={[Function]}
        onResponderMove={[Function]}
        onResponderRelease={[Function]}
        onResponderTerminate={[Function]}
        onResponderTerminationRequest={[Function]}
        onStartShouldSetResponder={[Function]}
        style={
          Object {
            "alignItems": "center",
            "backgroundColor": "#FF7602",
            "borderRadius": 4,
            "flexDirection": "row",
            "justifyContent": "center",
            "paddingBottom": 10,
            "paddingLeft": 15,
            "paddingRight": 15,
            "paddingTop": 10,
          }
        }
      >
        <View
          dataSet={Object {}}
          style={
            Object {
              "alignItems": "center",
              "flexDirection": "row",
            }
          }
        >
          <View
            dataSet={Object {}}
            style={Object {}}
          >
            <Text
              dataSet={Object {}}
              style={
                Object {
                  "backgroundColor": undefined,
                  "color": "#FFFFFF",
                  "fontFamily": undefined,
                  "fontSize": 18,
                  "fontStyle": "normal",
                  "fontWeight": "700",
                  "letterSpacing": 0,
                  "lineHeight": 38,
                  "textAlign": "auto",
                  "textDecorationLine": undefined,
                }
              }
            >
              Recipient 1
            </Text>
          </View>
        </View>
      </View>
      <View
        dataSet={Object {}}
        style={
          Object {
            "height": 10,
          }
        }
      />
      <View
        _text={
          Object {
            "color": "lightText",
          }
        }
        accessibilityRole="button"
        accessible={true}
        collapsable={false}
        colorScheme="primary"
        dataSet={Object {}}
        focusable={true}
        onBlur={[Function]}
        onClick={[Function]}
        onFocus={[Function]}
        onHoverIn={[Function]}
        onHoverOut={[Function]}
        onResponderGrant={[Function]}
        onResponderMove={[Function]}
        onResponderRelease={[Function]}
        onResponderTerminate={[Function]}
        onResponderTerminationRequest={[Function]}
        onStartShouldSetResponder={[Function]}
        style={
          Object {
            "alignItems": "center",
            "backgroundColor": "#FF7602",
            "borderRadius": 4,
            "flexDirection": "row",
            "justifyContent": "center",
            "paddingBottom": 10,
            "paddingLeft": 15,
            "paddingRight": 15,
            "paddingTop": 10,
          }
        }
      >
        <View
          dataSet={Object {}}
          style={
            Object {
              "alignItems": "center",
              "flexDirection": "row",
            }
          }
        >
          <View
            dataSet={Object {}}
            style={Object {}}
          >
            <Text
              dataSet={Object {}}
              style={
                Object {
                  "backgroundColor": undefined,
                  "color": "#FFFFFF",
                  "fontFamily": undefined,
                  "fontSize": 18,
                  "fontStyle": "normal",
                  "fontWeight": "700",
                  "letterSpacing": 0,
                  "lineHeight": 38,
                  "textAlign": "auto",
                  "textDecorationLine": undefined,
                }
              }
            >
              Recipient 2
            </Text>
          </View>
        </View>
      </View>
    </View>
  </View>
</RNCSafeAreaProvider>
`;
