// Jest Snapshot v1, https://goo.gl/fbAQLP

exports[`should match the snapshot 1`] = `
<RNCSafeAreaProvider
  onInsetsChange={[Function]}
  style={
    Array [
      Object {
        "flex": 1,
      },
      undefined,
    ]
  }
>
  <View
    dataSet={Object {}}
    style={
      Object {
        "width": "100%",
      }
    }
  >
    <View
      dataSet={Object {}}
      feedbackId="field-react-aria-1-feedback"
      hasFeedbackText={false}
      hasHelpText={false}
      helpTextId="field-react-aria-1-helptext"
      isDisabled={false}
      isInvalid={false}
      isReadOnly={false}
      isRequired={false}
      labelId="field-react-aria-1-label"
      nativeID="field-react-aria-1-label"
      setHasFeedbackText={[Function]}
      setHasHelpText={[Function]}
      style={
        Object {
          "flexDirection": "row",
          "justifyContent": "flex-start",
          "marginBottom": 2,
          "marginRight": 12,
        }
      }
    >
      <Text
        dataSet={Object {}}
        level="1"
        style={
          Object {
            "backgroundColor": undefined,
            "color": "#666666",
            "fontFamily": "Roboto_500Medium",
            "fontSize": 18,
            "fontStyle": undefined,
            "fontWeight": undefined,
            "letterSpacing": 0,
            "lineHeight": 26,
            "textAlign": "auto",
            "textDecorationLine": undefined,
          }
        }
      >
        Beneficiary Name
      </Text>
    </View>
  </View>
</RNCSafeAreaProvider>
`;
